------------------------------------------------------------
TimeQuest Timing Analyzer Summary
------------------------------------------------------------

Type  : Slow 1200mV 85C Model Setup 'clk'
Slack : -1.196
TNS   : -4.374

Type  : Slow 1200mV 85C Model Hold 'clk'
Slack : 0.356
TNS   : 0.000

Type  : Slow 1200mV 85C Model Recovery 'clk'
Slack : -0.285
TNS   : -1.140

Type  : Slow 1200mV 85C Model Removal 'clk'
Slack : 0.864
TNS   : 0.000

Type  : Slow 1200mV 85C Model Minimum Pulse Width 'clk'
Slack : -3.000
TNS   : -14.000

Type  : Slow 1200mV 0C Model Setup 'clk'
Slack : -0.985
TNS   : -3.086

Type  : Slow 1200mV 0C Model Hold 'clk'
Slack : 0.310
TNS   : 0.000

Type  : Slow 1200mV 0C Model Recovery 'clk'
Slack : -0.144
TNS   : -0.576

Type  : Slow 1200mV 0C Model Removal 'clk'
Slack : 0.778
TNS   : 0.000

Type  : Slow 1200mV 0C Model Minimum Pulse Width 'clk'
Slack : -3.000
TNS   : -14.000

Type  : Fast 1200mV 0C Model Setup 'clk'
Slack : -0.210
TNS   : -0.420

Type  : Fast 1200mV 0C Model Hold 'clk'
Slack : 0.186
TNS   : 0.000

Type  : Fast 1200mV 0C Model Recovery 'clk'
Slack : 0.264
TNS   : 0.000

Type  : Fast 1200mV 0C Model Removal 'clk'
Slack : 0.474
TNS   : 0.000

Type  : Fast 1200mV 0C Model Minimum Pulse Width 'clk'
Slack : -3.000
TNS   : -14.286

------------------------------------------------------------
